H:\2017 S1\SoftwareExam\SoftwareExam\flaskr\flaskr>sqlite3 /tmp/flaskr.db < schema.sql
Error: unable to open database "/tmp/flaskr.db": unable to open database file

H:\2017 S1\SoftwareExam\SoftwareExam\flaskr>sqlite3 /tmp/flaskr.db < schema.sql
The system cannot find the file specified.

H:\2017 S1\SoftwareExam\SoftwareExam\flaskr>flask initdb
Usage: flask-script.py [OPTIONS] COMMAND [ARGS]...

H:\2017 S1\SoftwareExam\SoftwareExam\flaskr\flaskr>pip sqlite3 H:\2017 S1\SoftwareExam\SoftwareExam\flaskr\flaskrflaskr.db < schema.sql
ERROR: unknown command "sqlite3"

H:\2017 S1\SoftwareExam\SoftwareExam\flaskr\flaskr>pip install sqlite3 /tmp/flaskr.db < schema.sql
Invalid requirement: '/tmp/flaskr.db'
Traceback (most recent call last):
  File "c:\anaconda3\lib\site-packages\pip\_vendor\packaging\requirements.py", line 92, in __init__
    req = REQUIREMENT.parseString(requirement_string)
  File "c:\anaconda3\lib\site-packages\pip\_vendor\pyparsing.py", line 1617, in parseString
    raise exc
  File "c:\anaconda3\lib\site-packages\pip\_vendor\pyparsing.py", line 1607, in parseString
    loc, tokens = self._parse( instring, 0 )
  File "c:\anaconda3\lib\site-packages\pip\_vendor\pyparsing.py", line 1379, in _parseNoCache
    loc,tokens = self.parseImpl( instring, preloc, doActions )
  File "c:\anaconda3\lib\site-packages\pip\_vendor\pyparsing.py", line 3376, in parseImpl
    loc, exprtokens = e._parse( instring, loc, doActions )
  File "c:\anaconda3\lib\site-packages\pip\_vendor\pyparsing.py", line 1379, in _parseNoCache
    loc,tokens = self.parseImpl( instring, preloc, doActions )
  File "c:\anaconda3\lib\site-packages\pip\_vendor\pyparsing.py", line 3698, in parseImpl
    return self.expr._parse( instring, loc, doActions, callPreParse=False )
  File "c:\anaconda3\lib\site-packages\pip\_vendor\pyparsing.py", line 1379, in _parseNoCache
    loc,tokens = self.parseImpl( instring, preloc, doActions )
  File "c:\anaconda3\lib\site-packages\pip\_vendor\pyparsing.py", line 3359, in parseImpl
    loc, resultlist = self.exprs[0]._parse( instring, loc, doActions, callPreParse=False )
  File "c:\anaconda3\lib\site-packages\pip\_vendor\pyparsing.py", line 1383, in _parseNoCache
    loc,tokens = self.parseImpl( instring, preloc, doActions )
  File "c:\anaconda3\lib\site-packages\pip\_vendor\pyparsing.py", line 2670, in parseImpl
    raise ParseException(instring, loc, self.errmsg, self)
pip._vendor.pyparsing.ParseException: Expected W:(abcd...) (at char 0), (line:1, col:1)

During handling of the above exception, another exception occurred:

Traceback (most recent call last):
  File "c:\anaconda3\lib\site-packages\pip\req\req_install.py", line 82, in __init__
    req = Requirement(req)
  File "c:\anaconda3\lib\site-packages\pip\_vendor\packaging\requirements.py", line 96, in __init__
    requirement_string[e.loc:e.loc + 8]))
pip._vendor.packaging.requirements.InvalidRequirement: Invalid requirement, parse error at "'/tmp/fla'"


H:\2017 S1\SoftwareExam\SoftwareExam\flaskr\flaskr>sqlite3 /tmp/flaskr.db < schema.sql
Error: unable to open database "/tmp/flaskr.db": unable to open database file

H:\2017 S1\SoftwareExam\SoftwareExam\flaskr\flaskr>apt-get sqlite3 /tmp/flaskr.db < schema.sql
'apt-get' is not recognized as an internal or external command,
operable program or batch file.

H:\2017 S1\SoftwareExam\SoftwareExam\flaskr\flaskr>sudo sqlite3 /tmp/flaskr.db < schema.sql
'sudo' is not recognized as an internal or external command,
operable program or batch file.

H:\2017 S1\SoftwareExam\SoftwareExam\flaskr\flaskr>C:\Users\PHILAS1\Downloads\sqlite-tools-win32-x86-3190300 H:\2017 S1\SoftwareExam\SoftwareExam\flaskr\flaskr\tmp\flaskr.db < schema.sql
'C:\Users\PHILAS1\Downloads\sqlite-tools-win32-x86-3190300' is not recognized as an internal or external command,
operable program or batch file.

H:\2017 S1\SoftwareExam\SoftwareExam\flaskr\flaskr>H:\2017 S1\SoftwareExam\SoftwareExam\flaskr\flaskr H:\2017 S1\SoftwareExam\SoftwareExam\flaskr\flaskr\tmp\flaskr.db < schema.sql
'H:\2017' is not recognized as an internal or external command,
operable program or batch file.

Powershell

PS H:\> cd H:\2017S1\SoftwareExam\SoftwareExam\flaskr\flaskr
PS H:\2017S1\SoftwareExam\SoftwareExam\flaskr\flaskr> sqlite3 /tmp/flaskr.db < schema.sql
At line:1 char:24
+ sqlite3 /tmp/flaskr.db < schema.sql
+                        ~
The '<' operator is reserved for future use.
    + CategoryInfo          : ParserError: (:) [], ParentContainsErrorRecordException
    + FullyQualifiedErrorId : RedirectionNotSupported




